L 01/07/2026 - 11:15:54: Log file started (file "logs/L0107007.log") (game "cstrike") (version "48/1.1.2.7/Stdio/3378")
L 01/07/2026 - 11:15:54: Loading map "de_dust2"
L 01/07/2026 - 11:15:54: Server cvars start
L 01/07/2026 - 11:15:54: Server cvar "allow_spectators" = "1.0"
L 01/07/2026 - 11:15:54: Server cvar "amx_client_languages" = "1"
L 01/07/2026 - 11:15:54: Server cvar "amx_language" = "en"
L 01/07/2026 - 11:15:54: Server cvar "amxmodx_version" = ""
L 01/07/2026 - 11:15:54: Server cvar "coop" = "0"
L 01/07/2026 - 11:15:54: Server cvar "deathmatch" = "1"
L 01/07/2026 - 11:15:54: Server cvar "decalfrequency" = "30"
L 01/07/2026 - 11:15:54: Server cvar "edgefriction" = "2"
L 01/07/2026 - 11:15:54: Server cvar "ff_damage_reduction_bullets" = "0.35"
L 01/07/2026 - 11:15:54: Server cvar "ff_damage_reduction_grenade" = "0.25"
L 01/07/2026 - 11:15:54: Server cvar "ff_damage_reduction_grenade_self" = "1"
L 01/07/2026 - 11:15:54: Server cvar "ff_damage_reduction_other" = "0.25"
L 01/07/2026 - 11:15:54: Server cvar "game_version" = "5.28.0.756-dev"
L 01/07/2026 - 11:15:54: Server cvar "hbf_enabled" = "1"
L 01/07/2026 - 11:15:54: Server cvar "humans_join_team" = "any"
L 01/07/2026 - 11:15:54: Server cvar "max_queries_sec" = "3.0"
L 01/07/2026 - 11:15:54: Server cvar "max_queries_sec_global" = "30"
L 01/07/2026 - 11:15:54: Server cvar "max_queries_window" = "60"
L 01/07/2026 - 11:15:54: Server cvar "metamod_version" = "1.3.0.149"
L 01/07/2026 - 11:15:54: Server cvar "mp_afk_bomb_drop_time" = "0"
L 01/07/2026 - 11:15:54: Server cvar "mp_ammo_respawn_time" = "20"
L 01/07/2026 - 11:15:54: Server cvar "mp_autokick" = "1"
L 01/07/2026 - 11:15:54: Server cvar "mp_autokick_timeout" = "-1"
L 01/07/2026 - 11:15:54: Server cvar "mp_autoteambalance" = "1"
L 01/07/2026 - 11:15:54: Server cvar "mp_buy_anywhere" = "0"
L 01/07/2026 - 11:15:54: Server cvar "mp_buytime" = "1.5"
L 01/07/2026 - 11:15:54: Server cvar "mp_c4timer" = "45"
L 01/07/2026 - 11:15:54: Server cvar "mp_chattime" = "10"
L 01/07/2026 - 11:15:54: Server cvar "mp_consistency" = "1"
L 01/07/2026 - 11:15:54: Server cvar "mp_fadetoblack" = "0"
L 01/07/2026 - 11:15:54: Server cvar "mp_falldamage" = "1"
L 01/07/2026 - 11:15:54: Server cvar "mp_flashlight" = "0"
L 01/07/2026 - 11:15:54: Server cvar "mp_footsteps" = "1"
L 01/07/2026 - 11:15:54: Server cvar "mp_forcecamera" = "0"
L 01/07/2026 - 11:15:54: Server cvar "mp_forcechasecam" = "0"
L 01/07/2026 - 11:15:54: Server cvar "mp_forcerespawn" = "0"
L 01/07/2026 - 11:15:54: Server cvar "mp_fraglimit" = "0"
L 01/07/2026 - 11:15:54: Server cvar "mp_fragsleft" = "0"
L 01/07/2026 - 11:15:54: Server cvar "mp_freeforall" = "0"
L 01/07/2026 - 11:15:54: Server cvar "mp_freezetime" = "6"
L 01/07/2026 - 11:15:54: Server cvar "mp_friendlyfire" = "0"
L 01/07/2026 - 11:15:54: Server cvar "mp_give_player_c4" = "1"
L 01/07/2026 - 11:15:54: Server cvar "mp_hostage_hurtable" = "1"
L 01/07/2026 - 11:15:54: Server cvar "mp_hostagepenalty" = "13"
L 01/07/2026 - 11:15:54: Server cvar "mp_infinite_ammo" = "0"
L 01/07/2026 - 11:15:54: Server cvar "mp_infinite_grenades" = "0"
L 01/07/2026 - 11:15:54: Server cvar "mp_item_respawn_time" = "30"
L 01/07/2026 - 11:15:54: Server cvar "mp_item_staytime" = "300"
L 01/07/2026 - 11:15:54: Server cvar "mp_kickpercent" = "0.66"
L 01/07/2026 - 11:15:54: Server cvar "mp_limitteams" = "2"
L 01/07/2026 - 11:15:54: Server cvar "mp_logdetail" = "0"
L 01/07/2026 - 11:15:54: Server cvar "mp_logfile" = "1"
L 01/07/2026 - 11:15:54: Server cvar "mp_logmessages" = "1"
L 01/07/2026 - 11:15:54: Server cvar "mp_mapvoteratio" = "0.66"
L 01/07/2026 - 11:15:54: Server cvar "mp_maxmoney" = "16000"
L 01/07/2026 - 11:15:54: Server cvar "mp_maxrounds" = "0"
L 01/07/2026 - 11:15:54: Server cvar "mp_playerid" = "0"
L 01/07/2026 - 11:15:54: Server cvar "mp_radio_maxinround" = "60"
L 01/07/2026 - 11:15:54: Server cvar "mp_radio_timeout" = "1.5"
L 01/07/2026 - 11:15:54: Server cvar "mp_respawn_immunity_effects" = "1"
L 01/07/2026 - 11:15:54: Server cvar "mp_respawn_immunity_force_unset" = "1"
L 01/07/2026 - 11:15:54: Server cvar "mp_respawn_immunitytime" = "0"
L 01/07/2026 - 11:15:54: Server cvar "mp_round_infinite" = "0"
L 01/07/2026 - 11:15:54: Server cvar "mp_round_restart_delay" = "5"
L 01/07/2026 - 11:15:54: Server cvar "mp_roundover" = "0"
L 01/07/2026 - 11:15:54: Server cvar "mp_roundtime" = "5"
L 01/07/2026 - 11:15:54: Server cvar "mp_scoreboard_showdefkit" = "1"
L 01/07/2026 - 11:15:54: Server cvar "mp_scoreboard_showhealth" = "3"
L 01/07/2026 - 11:15:54: Server cvar "mp_scoreboard_showmoney" = "3"
L 01/07/2026 - 11:15:54: Server cvar "mp_show_scenarioicon" = "0"
L 01/07/2026 - 11:15:54: Server cvar "mp_startmoney" = "800"
L 01/07/2026 - 11:15:54: Server cvar "mp_timeleft" = "0"
L 01/07/2026 - 11:15:54: Server cvar "mp_timelimit" = "0"
L 01/07/2026 - 11:15:54: Server cvar "mp_tkpunish" = "0"
L 01/07/2026 - 11:15:54: Server cvar "mp_weapon_respawn_time" = "20"
L 01/07/2026 - 11:15:54: Server cvar "mp_weapons_allow_map_placed" = "1"
L 01/07/2026 - 11:15:54: Server cvar "mp_windifference" = "1"
L 01/07/2026 - 11:15:54: Server cvar "mp_winlimit" = "0"
L 01/07/2026 - 11:15:54: Server cvar "pausable" = "1"
L 01/07/2026 - 11:15:54: Server cvar "reaimdetector_version" = "0.2.2"
L 01/07/2026 - 11:15:54: Server cvar "resemiclip_version" = "2.3.9"
L 01/07/2026 - 11:15:54: Server cvar "resrdetector_version" = "0.1.0"
L 01/07/2026 - 11:15:54: Server cvar "reu_version" = "0.2.0.34"
L 01/07/2026 - 11:15:54: Server cvar "revoice_version" = "0.1.0.34"
L 01/07/2026 - 11:15:54: Server cvar "sv_accelerate" = "10"
L 01/07/2026 - 11:15:54: Server cvar "sv_aim" = "1"
L 01/07/2026 - 11:15:54: Server cvar "sv_airaccelerate" = "10"
L 01/07/2026 - 11:15:54: Server cvar "sv_allowupload" = "1"
L 01/07/2026 - 11:15:54: Server cvar "sv_alltalk" = "0"
L 01/07/2026 - 11:15:54: Server cvar "sv_bounce" = "1"
L 01/07/2026 - 11:15:54: Server cvar "sv_cheats" = "0"
L 01/07/2026 - 11:15:54: Server cvar "sv_clienttrace" = "1"
L 01/07/2026 - 11:15:54: Server cvar "sv_contact" = ""
L 01/07/2026 - 11:15:54: Server cvar "sv_friction" = "4"
L 01/07/2026 - 11:15:54: Server cvar "sv_gravity" = "800"
L 01/07/2026 - 11:15:54: Server cvar "sv_logblocks" = "0"
L 01/07/2026 - 11:15:54: Server cvar "sv_maxrate" = "0"
L 01/07/2026 - 11:15:54: Server cvar "sv_maxspeed" = "320"
L 01/07/2026 - 11:15:54: Server cvar "sv_minrate" = "0"
L 01/07/2026 - 11:15:54: Server cvar "sv_password" = ""
L 01/07/2026 - 11:15:54: Server cvar "sv_proxies" = "1"
L 01/07/2026 - 11:15:54: Server cvar "sv_restart" = "0"
L 01/07/2026 - 11:15:54: Server cvar "sv_restartround" = "0"
L 01/07/2026 - 11:15:54: Server cvar "sv_stepsize" = "18"
L 01/07/2026 - 11:15:54: Server cvar "sv_stopspeed" = "100"
L 01/07/2026 - 11:15:54: Server cvar "sv_uploadmax" = "0.5"
L 01/07/2026 - 11:15:54: Server cvar "sv_version" = "1.1.2.7/Stdio,48,3378"
L 01/07/2026 - 11:15:54: Server cvar "sv_voiceenable" = "1"
L 01/07/2026 - 11:15:54: Server cvar "sv_wateraccelerate" = "10"
L 01/07/2026 - 11:15:54: Server cvar "sv_waterfriction" = "1"
L 01/07/2026 - 11:15:54: Server cvar "whb_version" = "1.5.697"
L 01/07/2026 - 11:15:54: Server cvar "yb_version" = "4.4.957"
L 01/07/2026 - 11:15:54: Server cvars end
L 01/07/2026 - 11:15:54: Server cvar "amxmodx_version" = "1.10.0.5467"
L 01/07/2026 - 11:15:54: Server cvar "sv_maxspeed" = "900"
L 01/07/2026 - 11:15:54: Server cvar "mp_buytime" = "0.25"
L 01/07/2026 - 11:15:54: Server cvar "mp_timelimit" = "20"
L 01/07/2026 - 11:15:54: Server cvar "ff_damage_reduction_grenade_self" = "1.0"
L 01/07/2026 - 11:15:54: Server cvar "ff_damage_reduction_other" = "0.35"
L 01/07/2026 - 11:15:54: Server cvar "pausable" = "0"
L 01/07/2026 - 11:15:54: Server cvar "amx_language" = "bp"
L 01/07/2026 - 11:15:54: Server cvar "amx_nextmap" = "de_dust2"
L 01/07/2026 - 11:15:54: Server cvar "mp_slaylosers" = "1"
L 01/07/2026 - 11:15:54: Server cvar "jtp10181" = "chute"
L 01/07/2026 - 11:15:54: Server cvar "admanager_version" = "0.5"
L 01/07/2026 - 11:15:54: Server cvar "sv_accelerate" = "5"
L 01/07/2026 - 11:15:54: Server cvar "sv_stopspeed" = "75"
L 01/07/2026 - 11:15:54: Started map "de_dust2" (CRC "1159425449")
L 01/07/2026 - 11:15:54: Server cvar "sv_allowupload" = "0"
L 01/07/2026 - 11:15:54: Server cvar "sv_maxrate" = "100000"
L 01/07/2026 - 11:15:54: Server cvar "sv_minrate" = "90000"
L 01/07/2026 - 11:15:54: Server cvar "mp_autokick" = "0"
L 01/07/2026 - 11:15:54: Server cvar "mp_autoteambalance" = "2"
L 01/07/2026 - 11:15:54: Server cvar "mp_c4timer" = "35"
L 01/07/2026 - 11:15:54: Server cvar "mp_freezetime" = "0"
L 01/07/2026 - 11:15:54: Server cvar "mp_hostagepenalty" = "0"
L 01/07/2026 - 11:15:54: Server cvar "mp_timelimit" = "0"
L 01/07/2026 - 11:15:54: Server cvar "mp_buytime" = "0.20"
L 01/07/2026 - 11:15:54: Server cvar "mp_roundtime" = "1.75"
L 01/07/2026 - 11:15:54: Server cvar "mp_startmoney" = "16000"
L 01/07/2026 - 11:15:54: Server cvar "mp_playerid" = "1"
L 01/07/2026 - 11:15:54: Server cvar "mp_chattime" = "1"
L 01/07/2026 - 11:15:54: Server cvar "sv_proxies" = "0"
L 01/07/2026 - 11:15:54: Server cvar "sv_accelerate" = "10"
L 01/07/2026 - 11:15:54: Server cvar "sv_contact" = "BRXGames"
L 01/07/2026 - 11:15:54: Log file closed
