L 02/13/2026 - 16:17:33: Log file started (file "logs/L0213003.log") (game "cstrike") (version "48/1.1.2.7/Stdio/4002")
L 02/13/2026 - 16:17:33: Loading map "de_dust2"
L 02/13/2026 - 16:17:33: Server cvars start
L 02/13/2026 - 16:17:33: Server cvar "allow_spectators" = "1.0"
L 02/13/2026 - 16:17:33: Server cvar "amx_client_languages" = "1"
L 02/13/2026 - 16:17:33: Server cvar "amx_language" = "en"
L 02/13/2026 - 16:17:33: Server cvar "amxmodx_version" = ""
L 02/13/2026 - 16:17:33: Server cvar "coop" = "0"
L 02/13/2026 - 16:17:33: Server cvar "deathmatch" = "1"
L 02/13/2026 - 16:17:33: Server cvar "decalfrequency" = "30"
L 02/13/2026 - 16:17:33: Server cvar "edgefriction" = "2"
L 02/13/2026 - 16:17:33: Server cvar "ff_damage_reduction_bullets" = "0.35"
L 02/13/2026 - 16:17:33: Server cvar "ff_damage_reduction_grenade" = "0.25"
L 02/13/2026 - 16:17:33: Server cvar "ff_damage_reduction_grenade_self" = "1"
L 02/13/2026 - 16:17:33: Server cvar "ff_damage_reduction_other" = "0.25"
L 02/13/2026 - 16:17:33: Server cvar "game_version" = "5.28.0.756-dev"
L 02/13/2026 - 16:17:33: Server cvar "hbf_debug" = "0"
L 02/13/2026 - 16:17:33: Server cvar "hbf_enabled" = "1"
L 02/13/2026 - 16:17:33: Server cvar "humans_join_team" = "any"
L 02/13/2026 - 16:17:33: Server cvar "max_queries_sec" = "3.0"
L 02/13/2026 - 16:17:33: Server cvar "max_queries_sec_global" = "30"
L 02/13/2026 - 16:17:33: Server cvar "max_queries_window" = "60"
L 02/13/2026 - 16:17:33: Server cvar "metamod_version" = "1.3.0.149"
L 02/13/2026 - 16:17:33: Server cvar "mp_afk_bomb_drop_time" = "0"
L 02/13/2026 - 16:17:33: Server cvar "mp_ammo_respawn_time" = "20"
L 02/13/2026 - 16:17:33: Server cvar "mp_autokick" = "1"
L 02/13/2026 - 16:17:33: Server cvar "mp_autokick_timeout" = "-1"
L 02/13/2026 - 16:17:33: Server cvar "mp_autoteambalance" = "1"
L 02/13/2026 - 16:17:33: Server cvar "mp_buy_anywhere" = "0"
L 02/13/2026 - 16:17:33: Server cvar "mp_buytime" = "1.5"
L 02/13/2026 - 16:17:33: Server cvar "mp_c4timer" = "45"
L 02/13/2026 - 16:17:33: Server cvar "mp_chattime" = "10"
L 02/13/2026 - 16:17:33: Server cvar "mp_consistency" = "1"
L 02/13/2026 - 16:17:33: Server cvar "mp_fadetoblack" = "0"
L 02/13/2026 - 16:17:33: Server cvar "mp_falldamage" = "1"
L 02/13/2026 - 16:17:33: Server cvar "mp_flashlight" = "0"
L 02/13/2026 - 16:17:33: Server cvar "mp_footsteps" = "1"
L 02/13/2026 - 16:17:33: Server cvar "mp_forcecamera" = "0"
L 02/13/2026 - 16:17:33: Server cvar "mp_forcechasecam" = "0"
L 02/13/2026 - 16:17:33: Server cvar "mp_forcerespawn" = "0"
L 02/13/2026 - 16:17:33: Server cvar "mp_fraglimit" = "0"
L 02/13/2026 - 16:17:33: Server cvar "mp_fragsleft" = "0"
L 02/13/2026 - 16:17:33: Server cvar "mp_freeforall" = "0"
L 02/13/2026 - 16:17:33: Server cvar "mp_freezetime" = "6"
L 02/13/2026 - 16:17:33: Server cvar "mp_friendlyfire" = "0"
L 02/13/2026 - 16:17:33: Server cvar "mp_give_player_c4" = "1"
L 02/13/2026 - 16:17:33: Server cvar "mp_hostage_hurtable" = "1"
L 02/13/2026 - 16:17:33: Server cvar "mp_hostagepenalty" = "13"
L 02/13/2026 - 16:17:33: Server cvar "mp_infinite_ammo" = "0"
L 02/13/2026 - 16:17:33: Server cvar "mp_infinite_grenades" = "0"
L 02/13/2026 - 16:17:33: Server cvar "mp_item_respawn_time" = "30"
L 02/13/2026 - 16:17:33: Server cvar "mp_item_staytime" = "300"
L 02/13/2026 - 16:17:33: Server cvar "mp_kickpercent" = "0.66"
L 02/13/2026 - 16:17:33: Server cvar "mp_limitteams" = "2"
L 02/13/2026 - 16:17:33: Server cvar "mp_logdetail" = "0"
L 02/13/2026 - 16:17:33: Server cvar "mp_logfile" = "1"
L 02/13/2026 - 16:17:33: Server cvar "mp_logmessages" = "1"
L 02/13/2026 - 16:17:33: Server cvar "mp_mapvoteratio" = "0.66"
L 02/13/2026 - 16:17:33: Server cvar "mp_maxmoney" = "16000"
L 02/13/2026 - 16:17:33: Server cvar "mp_maxrounds" = "0"
L 02/13/2026 - 16:17:33: Server cvar "mp_playerid" = "0"
L 02/13/2026 - 16:17:33: Server cvar "mp_radio_maxinround" = "60"
L 02/13/2026 - 16:17:33: Server cvar "mp_radio_timeout" = "1.5"
L 02/13/2026 - 16:17:33: Server cvar "mp_respawn_immunity_effects" = "1"
L 02/13/2026 - 16:17:33: Server cvar "mp_respawn_immunity_force_unset" = "1"
L 02/13/2026 - 16:17:33: Server cvar "mp_respawn_immunitytime" = "0"
L 02/13/2026 - 16:17:33: Server cvar "mp_round_infinite" = "0"
L 02/13/2026 - 16:17:33: Server cvar "mp_round_restart_delay" = "5"
L 02/13/2026 - 16:17:33: Server cvar "mp_roundover" = "0"
L 02/13/2026 - 16:17:33: Server cvar "mp_roundtime" = "5"
L 02/13/2026 - 16:17:33: Server cvar "mp_scoreboard_showdefkit" = "1"
L 02/13/2026 - 16:17:33: Server cvar "mp_scoreboard_showhealth" = "3"
L 02/13/2026 - 16:17:33: Server cvar "mp_scoreboard_showmoney" = "3"
L 02/13/2026 - 16:17:33: Server cvar "mp_show_scenarioicon" = "0"
L 02/13/2026 - 16:17:33: Server cvar "mp_startmoney" = "800"
L 02/13/2026 - 16:17:33: Server cvar "mp_timeleft" = "0"
L 02/13/2026 - 16:17:33: Server cvar "mp_timelimit" = "0"
L 02/13/2026 - 16:17:33: Server cvar "mp_tkpunish" = "0"
L 02/13/2026 - 16:17:33: Server cvar "mp_weapon_respawn_time" = "20"
L 02/13/2026 - 16:17:33: Server cvar "mp_weapons_allow_map_placed" = "1"
L 02/13/2026 - 16:17:33: Server cvar "mp_windifference" = "1"
L 02/13/2026 - 16:17:33: Server cvar "mp_winlimit" = "0"
L 02/13/2026 - 16:17:33: Server cvar "pausable" = "1"
L 02/13/2026 - 16:17:33: Server cvar "reaimdetector_version" = "0.2.2"
L 02/13/2026 - 16:17:33: Server cvar "reauthcheck_version" = "0.1.6"
L 02/13/2026 - 16:17:33: Server cvar "resemiclip_version" = "2.4.3"
L 02/13/2026 - 16:17:33: Server cvar "reu_version" = "0.2.0.25"
L 02/13/2026 - 16:17:33: Server cvar "revoice_version" = "0.1.0.34"
L 02/13/2026 - 16:17:33: Server cvar "sv_accelerate" = "10"
L 02/13/2026 - 16:17:33: Server cvar "sv_aim" = "1"
L 02/13/2026 - 16:17:33: Server cvar "sv_airaccelerate" = "10"
L 02/13/2026 - 16:17:33: Server cvar "sv_allow_autoaim" = "1"
L 02/13/2026 - 16:17:33: Server cvar "sv_allowupload" = "1"
L 02/13/2026 - 16:17:33: Server cvar "sv_alltalk" = "0"
L 02/13/2026 - 16:17:33: Server cvar "sv_bounce" = "1"
L 02/13/2026 - 16:17:33: Server cvar "sv_cheats" = "0"
L 02/13/2026 - 16:17:33: Server cvar "sv_clienttrace" = "1"
L 02/13/2026 - 16:17:33: Server cvar "sv_contact" = ""
L 02/13/2026 - 16:17:33: Server cvar "sv_friction" = "4"
L 02/13/2026 - 16:17:33: Server cvar "sv_gravity" = "800"
L 02/13/2026 - 16:17:33: Server cvar "sv_logblocks" = "0"
L 02/13/2026 - 16:17:33: Server cvar "sv_maxrate" = "0"
L 02/13/2026 - 16:17:33: Server cvar "sv_maxspeed" = "320"
L 02/13/2026 - 16:17:33: Server cvar "sv_minrate" = "0"
L 02/13/2026 - 16:17:33: Server cvar "sv_password" = ""
L 02/13/2026 - 16:17:33: Server cvar "sv_proxies" = "1"
L 02/13/2026 - 16:17:33: Server cvar "sv_restart" = "0"
L 02/13/2026 - 16:17:33: Server cvar "sv_restartround" = "0"
L 02/13/2026 - 16:17:33: Server cvar "sv_stepsize" = "18"
L 02/13/2026 - 16:17:33: Server cvar "sv_stopspeed" = "100"
L 02/13/2026 - 16:17:33: Server cvar "sv_uploadmax" = "0.5"
L 02/13/2026 - 16:17:33: Server cvar "sv_version" = "1.1.2.7/Stdio,48,4002"
L 02/13/2026 - 16:17:33: Server cvar "sv_voiceenable" = "1"
L 02/13/2026 - 16:17:33: Server cvar "sv_wateraccelerate" = "10"
L 02/13/2026 - 16:17:33: Server cvar "sv_waterfriction" = "1"
L 02/13/2026 - 16:17:33: Server cvars end
L 02/13/2026 - 16:17:33: [META] dll: Loaded plugin 'FakeMeta': FakeMeta v1.10.0.5467 Apr  5 2022, AMX Mod X Dev Team
L 02/13/2026 - 16:17:33: [META] dll: Begin scan to collect callback fix data...
L 02/13/2026 - 16:17:33: [META] dll: Rebuilding callbacks...
L 02/13/2026 - 16:17:33: [META] dll: Begin callbacks fixing...
L 02/13/2026 - 16:17:33: [META] dll: Callbacks rebuilded.
L 02/13/2026 - 16:17:33: [META] dll: Loaded plugin 'Ham Sandwich': Ham Sandwich v1.10.0.5467 Apr  5 2022, AMX Mod X Dev Team
L 02/13/2026 - 16:17:33: [META] dll: Begin scan to collect callback fix data...
L 02/13/2026 - 16:17:33: [META] dll: Rebuilding callbacks...
L 02/13/2026 - 16:17:33: [META] dll: Begin callbacks fixing...
L 02/13/2026 - 16:17:33: [META] dll: Callbacks rebuilded.
L 02/13/2026 - 16:17:33: [META] dll: Loaded plugin 'CSX': CSX v1.10.0.5467 Apr  5 2022, AMX Mod X Dev Team
L 02/13/2026 - 16:17:33: [META] dll: Begin scan to collect callback fix data...
L 02/13/2026 - 16:17:33: [META] dll: Rebuilding callbacks...
L 02/13/2026 - 16:17:33: [META] dll: Begin callbacks fixing...
L 02/13/2026 - 16:17:33: [META] dll: Callbacks rebuilded.
L 02/13/2026 - 16:17:33: [META] dll: Loaded plugin 'ReAPI': ReAPI v5.26.0.338-dev Mar 28 2025, Asmodai & s1lent
L 02/13/2026 - 16:17:33: [META] dll: Begin scan to collect callback fix data...
L 02/13/2026 - 16:17:33: [META] dll: Rebuilding callbacks...
L 02/13/2026 - 16:17:33: [META] dll: Begin callbacks fixing...
L 02/13/2026 - 16:17:33: [META] dll: Callbacks rebuilded.
L 02/13/2026 - 16:17:33: [META] dll: Loaded plugin 'Engine': Engine v1.10.0.5467 Apr  5 2022, AMX Mod X Dev Team
L 02/13/2026 - 16:17:33: [META] dll: Begin scan to collect callback fix data...
L 02/13/2026 - 16:17:33: [META] dll: Rebuilding callbacks...
L 02/13/2026 - 16:17:33: [META] dll: Begin callbacks fixing...
L 02/13/2026 - 16:17:33: [META] dll: Callbacks rebuilded.
L 02/13/2026 - 16:17:33: [META] dll: Loaded plugin 'MySQL': MySQL v1.10.0.5467 Apr  5 2022, AMX Mod X Dev Team
L 02/13/2026 - 16:17:33: [META] dll: Begin scan to collect callback fix data...
L 02/13/2026 - 16:17:33: [META] dll: Rebuilding callbacks...
L 02/13/2026 - 16:17:33: [META] dll: Begin callbacks fixing...
L 02/13/2026 - 16:17:33: [META] dll: Callbacks rebuilded.
L 02/13/2026 - 16:17:33: Server cvar "amxmodx_version" = "1.10.0.5467"
L 02/13/2026 - 16:17:33: Server cvar "sv_maxspeed" = "900"
L 02/13/2026 - 16:17:33: Server cvar "mp_buytime" = "0.25"
L 02/13/2026 - 16:17:33: Server cvar "mp_timelimit" = "20"
L 02/13/2026 - 16:17:33: Server cvar "ff_damage_reduction_grenade_self" = "1.0"
L 02/13/2026 - 16:17:33: Server cvar "ff_damage_reduction_other" = "0.35"
L 02/13/2026 - 16:17:33: Server cvar "pausable" = "0"
L 02/13/2026 - 16:17:33: Server cvar "amx_nextmap" = "de_airstrip"
L 02/13/2026 - 16:17:33: Server cvar "mp_roundtime" = "8.0"
L 02/13/2026 - 16:17:33: Server cvar "mp_freezetime" = "10"
L 02/13/2026 - 16:17:33: Server cvar "mp_timelimit" = "25"
L 02/13/2026 - 16:17:33: Server cvar "mp_autoteambalance" = "0"
L 02/13/2026 - 16:17:33: Server cvar "mp_limitteams" = "0"
L 02/13/2026 - 16:17:33: Server cvar "sv_maxspeed" = "1000"
L 02/13/2026 - 16:17:33: Server cvar "ze_mod_version" = "Rebuild 1.3"
L 02/13/2026 - 16:17:33: Server cvar "sv_accelerate" = "5"
L 02/13/2026 - 16:17:33: Server cvar "sv_stopspeed" = "75"
L 02/13/2026 - 16:17:33: Started map "de_dust2" (CRC "1159425449")
L 02/13/2026 - 16:17:33: Server cvar "sv_aim" = "0"
L 02/13/2026 - 16:17:33: Server cvar "mp_timelimit" = "0"
L 02/13/2026 - 16:17:33: Server cvar "sv_minrate" = "20000"
L 02/13/2026 - 16:17:33: Server cvar "mp_autokick" = "0"
L 02/13/2026 - 16:17:33: Server cvar "mp_chattime" = "5"
L 02/13/2026 - 16:17:33: Server cvar "mp_flashlight" = "1"
L 02/13/2026 - 16:17:33: Server cvar "sv_airaccelerate" = "150"
L 02/13/2026 - 16:17:33: Server cvar "sv_wateraccelerate" = "150"
L 02/13/2026 - 16:17:33: Server cvar "sv_contact" = "Escapers-Zone.NET"
L 02/13/2026 - 16:17:41: World triggered "Round_Start"
L 02/13/2026 - 16:17:55: [REUNION]: RevEmu raw auth string: 'BD53B1ACXWV114GTZWDB9DXVW63738OTTHRWE5Z3ZNZZ6M140OZXKUXJ3S9ZQLCA' (HDDSN)
L 02/13/2026 - 16:17:55: [REUNION]: RevEmu auth key: 'BD53B1ACXWV114GTZWDB9DXVW63738OTTHRWE5Z3ZNZZ6M140OZXKUXJ3S9ZQLCA' steamid: 3877681976
L 02/13/2026 - 16:17:55: [REUNION]: Ravioli (192.168.3.36:27005) authorized as RevEmu
L 02/13/2026 - 16:17:55: "Ravioli<1><STEAM_2:0:1196191661><>" connected, address "192.168.3.36:27005"
L 02/13/2026 - 16:17:56: [REUNION]: RevEmu raw auth string: 'BD53B1ACXWV114GTZWDB9DXVW63738OTTHRWE5Z3ZNZZ6M140OZXKUXJ3S9ZQLCA' (HDDSN)
L 02/13/2026 - 16:17:56: [REUNION]: RevEmu auth key: 'BD53B1ACXWV114GTZWDB9DXVW63738OTTHRWE5Z3ZNZZ6M140OZXKUXJ3S9ZQLCA' steamid: 3877681976
L 02/13/2026 - 16:17:56: [REUNION]: Ravioli (192.168.3.36:27005) authorized as RevEmu
L 02/13/2026 - 16:17:56: "Ravioli<2><STEAM_2:0:1196191661><>" connected, address "192.168.3.36:27005"
L 02/13/2026 - 16:18:28: [REUNION]: RevEmu raw auth string: 'BD53B1ACXWV114GTZWDB9DXVW63738OTTHRWE5Z3ZNZZ6M140OZXKUXJ3S9ZQLCA' (HDDSN)
L 02/13/2026 - 16:18:28: [REUNION]: RevEmu auth key: 'BD53B1ACXWV114GTZWDB9DXVW63738OTTHRWE5Z3ZNZZ6M140OZXKUXJ3S9ZQLCA' steamid: 3877681976
L 02/13/2026 - 16:18:28: [REUNION]: Ravioli (192.168.3.36:27005) authorized as RevEmu
L 02/13/2026 - 16:18:28: "Ravioli<3><STEAM_2:0:1196191661><>" connected, address "192.168.3.36:27005"
L 02/13/2026 - 16:18:30: "Ravioli<3><STEAM_2:0:1196191661><>" entered the game
L 02/13/2026 - 16:18:30: "Ravioli<3><STEAM_2:0:1196191661><>" joined team "TERRORIST"
L 02/13/2026 - 16:20:38: [META] ini: Begin re-reading plugins list: /home/josuel/Público/rehlds_full_linux (amxx 1.1)/cstrike/addons/metamod/plugins.ini
L 02/13/2026 - 16:20:38: [META] ini: Read plugin config for: AMX Mod X
L 02/13/2026 - 16:20:38: [META] ini: Read plugin config for: Print Center Fix
L 02/13/2026 - 16:20:38: [META] ini: Read plugin config for: Reunion
L 02/13/2026 - 16:20:38: [META] ini: Read plugin config for: ReSemiclip
L 02/13/2026 - 16:20:38: [META] ini: Read plugin config for: Rechecker
L 02/13/2026 - 16:20:38: [META] ini: Read plugin config for: Revoice
L 02/13/2026 - 16:20:38: [META] ini: Read plugin config for: ReAuthCheck
L 02/13/2026 - 16:20:38: [META] ini: Read plugin config for: HitBox Fix
L 02/13/2026 - 16:20:38: [META] ini: Finished reading plugins list: /home/josuel/Público/rehlds_full_linux (amxx 1.1)/cstrike/addons/metamod/plugins.ini; Found 8 plugins
L 02/13/2026 - 16:20:38: [META] dll: Updating plugins...
L 02/13/2026 - 16:20:38: [META] dll: Finished updating 15 plugins; kept 8, loaded 0, unloaded 0, reloaded 0, delayed 0
L 02/13/2026 - 16:20:38: [META] dll: Rebuilding callbacks...
L 02/13/2026 - 16:20:38: [META] dll: Callbacks rebuilded.
L 02/13/2026 - 16:20:38: "Ravioli<-1><><CT>" disconnected
L 02/13/2026 - 16:20:38: World triggered "Round_Draw" (CT "0") (T "0")
L 02/13/2026 - 16:20:38: World triggered "Round_End"
L 02/13/2026 - 16:20:38: Server shutdown
L 02/13/2026 - 16:20:38: Log file closed
